mpu_data_type.hpp:59:8:ftoa	56	static
mpu_data_type.hpp:197:7:invSqrt	32	static
mpu9250.hpp:140:16:wait_for_gpio_state_timeout	32	static,ignoring_inline_asm
mpu9250.hpp:163:13:I2C_ClearBusyFlagErratum	40	static,ignoring_inline_asm
mpu9250.hpp:245:6:init_MPU	64	static
mpu9250.hpp:350:6:adding_raw	4	static
mpu9250.hpp:359:6:delete_raw	4	static
mpu9250.hpp:369:10:process_MPU	80	static
mpu9250.hpp:429:10:magnet_get_raw	72	static
mpu9250.hpp:454:10:process_magnet	96	static
mpu9250.hpp:489:13:complementary_filter	72	static
mpu9250.hpp:517:13:quat2euler	120	static
mpu9250.hpp:553:16:calibration_IMU	120	static
print_func.hpp:12:6:float2Bytes	24	static
print_func.hpp:23:7:bytes2Float	24	static
print_func.hpp:35:6:print_raw	32	static
print_func.hpp:75:6:print_euler	48	static
print_func.hpp:103:6:print_raw_mag	48	static
print_func.hpp:144:6:print_magnet	48	static
print_func.hpp:158:6:print_every_thing	48	static
print_func.hpp:186:6:print_msg	16	static
print_func.hpp:190:6:print_euler_compare	72	static
print_func.hpp:284:6:cpstr	32	static
print_func.hpp:294:10:sum_array	24	static
sbus.h:19:11:sbus_decode	32	static
sbus.h:28:9:check_CRC	32	static
sbus.h:35:9:CRC_thurst	24	static
PID.h:10:6:Motor1	16	static
PID.h:23:6:Motor2	16	static
PID.h:38:6:PID	32	static
PID.h:56:5:round_pid	24	static
PID.h:99:9:convert	56	static
PID.h:119:9:pid_decode	56	static
main.c:109:5:main	56	static
main.c:185:6:SystemClock_Config	88	static
main.c:229:13:MX_CRC_Init	8	static
main.c:255:13:MX_I2C1_Init	8	static
main.c:289:13:MX_SPI1_Init	8	static
main.c:327:13:MX_TIM1_Init	96	static
main.c:406:13:MX_TIM2_Init	32	static
main.c:451:13:MX_USART1_UART_Init	8	static
main.c:484:13:MX_USART3_UART_Init	8	static
main.c:515:13:MX_DMA_Init	16	static
main.c:533:13:MX_GPIO_Init	48	static
main.c:648:6:HAL_TIM_PeriodElapsedCallback	48	static
main.c:677:6:Error_Handler	4	static
