stm32f4xx_it.c:77:6:NMI_Handler	4	static
stm32f4xx_it.c:90:6:HardFault_Handler	4	static
stm32f4xx_it.c:105:6:MemManage_Handler	4	static
stm32f4xx_it.c:120:6:BusFault_Handler	4	static
stm32f4xx_it.c:135:6:UsageFault_Handler	4	static
stm32f4xx_it.c:150:6:SVC_Handler	4	static
stm32f4xx_it.c:163:6:DebugMon_Handler	4	static
stm32f4xx_it.c:176:6:PendSV_Handler	4	static
stm32f4xx_it.c:189:6:SysTick_Handler	4	static
stm32f4xx_it.c:209:6:DMA1_Stream3_IRQHandler	8	static
stm32f4xx_it.c:223:6:TIM2_IRQHandler	8	static
stm32f4xx_it.c:237:6:USART1_IRQHandler	4	static
stm32f4xx_it.c:271:6:TIM8_TRG_COM_TIM14_IRQHandler	8	static
stm32f4xx_it.c:285:6:TIM7_IRQHandler	8	static
